I'm sorry, but errors were detected in your script. Please correct the
errors listed below, and try again.


File "game/script.rpy", line 156: expected statement.
    "Jugar limpiamente confiando en tu intuición":
                                                ^

File "game/script.rpy", line 159: expected statement.
    "Concentrarte e intentar usar la visión de tus ojos para anticipar su jugada":
                                                                                ^

Ren'Py Version: Ren'Py 8.5.3.26051504
Tue Oct  6 20:12:12 2026
